[INFO] Scanning for projects...
[INFO] 
[INFO] ---------< com.eventeanagementsystem:event-management-system >----------
[INFO] Building event-management-system 0.0.1-SNAPSHOT
[INFO]   from pom.xml
[INFO] --------------------------------[ jar ]---------------------------------
[INFO] 
[INFO] --- resources:3.3.1:resources (default-resources) @ event-management-system ---
[INFO] Copying 1 resource from src\main\resources to target\classes
[INFO] Copying 0 resource from src\main\resources to target\classes
[INFO] 
[INFO] --- compiler:3.13.0:compile (default-compile) @ event-management-system ---
[INFO] Recompiling the module because of changed source code.
[INFO] Compiling 37 source files with javac [debug parameters release 21] to target\classes
[INFO] -------------------------------------------------------------
[ERROR] COMPILATION ERROR : 
[INFO] -------------------------------------------------------------
[ERROR] /C:/Users/l/Documents/event-management-system/backend/src/main/java/com/eventeanagementsystem/event_management_system/notification/AiEmailComposer.java:[43,18] unclosed string literal
[ERROR] /C:/Users/l/Documents/event-management-system/backend/src/main/java/com/eventeanagementsystem/event_management_system/notification/AiEmailComposer.java:[44,24] ';' expected
[ERROR] /C:/Users/l/Documents/event-management-system/backend/src/main/java/com/eventeanagementsystem/event_management_system/notification/AiEmailComposer.java:[44,37] ';' expected
[ERROR] /C:/Users/l/Documents/event-management-system/backend/src/main/java/com/eventeanagementsystem/event_management_system/notification/AiEmailComposer.java:[44,49] ';' expected
[ERROR] /C:/Users/l/Documents/event-management-system/backend/src/main/java/com/eventeanagementsystem/event_management_system/notification/AiEmailComposer.java:[44,50] not a statement
[ERROR] /C:/Users/l/Documents/event-management-system/backend/src/main/java/com/eventeanagementsystem/event_management_system/notification/AiEmailComposer.java:[44,58] ';' expected
[ERROR] /C:/Users/l/Documents/event-management-system/backend/src/main/java/com/eventeanagementsystem/event_management_system/notification/AiEmailComposer.java:[44,74] ';' expected
[ERROR] /C:/Users/l/Documents/event-management-system/backend/src/main/java/com/eventeanagementsystem/event_management_system/notification/AiEmailComposer.java:[46,23] not a statement
[ERROR] /C:/Users/l/Documents/event-management-system/backend/src/main/java/com/eventeanagementsystem/event_management_system/notification/AiEmailComposer.java:[46,28] ';' expected
[ERROR] /C:/Users/l/Documents/event-management-system/backend/src/main/java/com/eventeanagementsystem/event_management_system/notification/AiEmailComposer.java:[46,37] ';' expected
[ERROR] /C:/Users/l/Documents/event-management-system/backend/src/main/java/com/eventeanagementsystem/event_management_system/notification/AiEmailComposer.java:[46,48] ';' expected
[ERROR] /C:/Users/l/Documents/event-management-system/backend/src/main/java/com/eventeanagementsystem/event_management_system/notification/AiEmailComposer.java:[46,53] ';' expected
[ERROR] /C:/Users/l/Documents/event-management-system/backend/src/main/java/com/eventeanagementsystem/event_management_system/notification/AiEmailComposer.java:[46,69] ';' expected
[ERROR] /C:/Users/l/Documents/event-management-system/backend/src/main/java/com/eventeanagementsystem/event_management_system/notification/AiEmailComposer.java:[46,80] ';' expected
[ERROR] /C:/Users/l/Documents/event-management-system/backend/src/main/java/com/eventeanagementsystem/event_management_system/notification/AiEmailComposer.java:[46,96] ';' expected
[ERROR] /C:/Users/l/Documents/event-management-system/backend/src/main/java/com/eventeanagementsystem/event_management_system/notification/AiEmailComposer.java:[46,100] '(' expected
[ERROR] /C:/Users/l/Documents/event-management-system/backend/src/main/java/com/eventeanagementsystem/event_management_system/notification/AiEmailComposer.java:[46,109] ';' expected
[ERROR] /C:/Users/l/Documents/event-management-system/backend/src/main/java/com/eventeanagementsystem/event_management_system/notification/AiEmailComposer.java:[46,113] ';' expected
[ERROR] /C:/Users/l/Documents/event-management-system/backend/src/main/java/com/eventeanagementsystem/event_management_system/notification/AiEmailComposer.java:[46,114] not a statement
[ERROR] /C:/Users/l/Documents/event-management-system/backend/src/main/java/com/eventeanagementsystem/event_management_system/notification/AiEmailComposer.java:[46,118] ')' expected
[ERROR] /C:/Users/l/Documents/event-management-system/backend/src/main/java/com/eventeanagementsystem/event_management_system/notification/AiEmailComposer.java:[46,127] not a statement
[ERROR] /C:/Users/l/Documents/event-management-system/backend/src/main/java/com/eventeanagementsystem/event_management_system/notification/AiEmailComposer.java:[48,24] ';' expected
[ERROR] /C:/Users/l/Documents/event-management-system/backend/src/main/java/com/eventeanagementsystem/event_management_system/notification/AiEmailComposer.java:[49,33] ';' expected
[ERROR] /C:/Users/l/Documents/event-management-system/backend/src/main/java/com/eventeanagementsystem/event_management_system/notification/AiEmailComposer.java:[50,17] not a statement
[ERROR] /C:/Users/l/Documents/event-management-system/backend/src/main/java/com/eventeanagementsystem/event_management_system/notification/AiEmailComposer.java:[50,24] ';' expected
[ERROR] /C:/Users/l/Documents/event-management-system/backend/src/main/java/com/eventeanagementsystem/event_management_system/notification/AiEmailComposer.java:[50,31] illegal start of expression
[ERROR] /C:/Users/l/Documents/event-management-system/backend/src/main/java/com/eventeanagementsystem/event_management_system/notification/AiEmailComposer.java:[51,17] not a statement
[ERROR] /C:/Users/l/Documents/event-management-system/backend/src/main/java/com/eventeanagementsystem/event_management_system/notification/AiEmailComposer.java:[51,24] ';' expected
[ERROR] /C:/Users/l/Documents/event-management-system/backend/src/main/java/com/eventeanagementsystem/event_management_system/notification/AiEmailComposer.java:[51,29] not a statement
[ERROR] /C:/Users/l/Documents/event-management-system/backend/src/main/java/com/eventeanagementsystem/event_management_system/notification/AiEmailComposer.java:[51,34] ';' expected
[ERROR] /C:/Users/l/Documents/event-management-system/backend/src/main/java/com/eventeanagementsystem/event_management_system/notification/AiEmailComposer.java:[52,17] not a statement
[ERROR] /C:/Users/l/Documents/event-management-system/backend/src/main/java/com/eventeanagementsystem/event_management_system/notification/AiEmailComposer.java:[52,23] ';' expected
[ERROR] /C:/Users/l/Documents/event-management-system/backend/src/main/java/com/eventeanagementsystem/event_management_system/notification/AiEmailComposer.java:[52,24] not a statement
[ERROR] /C:/Users/l/Documents/event-management-system/backend/src/main/java/com/eventeanagementsystem/event_management_system/notification/AiEmailComposer.java:[52,26] ';' expected
[ERROR] /C:/Users/l/Documents/event-management-system/backend/src/main/java/com/eventeanagementsystem/event_management_system/notification/AiEmailComposer.java:[52,27] not a statement
[ERROR] /C:/Users/l/Documents/event-management-system/backend/src/main/java/com/eventeanagementsystem/event_management_system/notification/AiEmailComposer.java:[52,32] ';' expected
[ERROR] /C:/Users/l/Documents/event-management-system/backend/src/main/java/com/eventeanagementsystem/event_management_system/notification/AiEmailComposer.java:[52,35] illegal character: '\u2013'
[ERROR] /C:/Users/l/Documents/event-management-system/backend/src/main/java/com/eventeanagementsystem/event_management_system/notification/AiEmailComposer.java:[52,51] ';' expected
[ERROR] /C:/Users/l/Documents/event-management-system/backend/src/main/java/com/eventeanagementsystem/event_management_system/notification/AiEmailComposer.java:[53,24] ';' expected
[ERROR] /C:/Users/l/Documents/event-management-system/backend/src/main/java/com/eventeanagementsystem/event_management_system/notification/AiEmailComposer.java:[53,37] ';' expected
[ERROR] /C:/Users/l/Documents/event-management-system/backend/src/main/java/com/eventeanagementsystem/event_management_system/notification/AiEmailComposer.java:[53,55] ';' expected
[ERROR] /C:/Users/l/Documents/event-management-system/backend/src/main/java/com/eventeanagementsystem/event_management_system/notification/AiEmailComposer.java:[54,25] ';' expected
[ERROR] /C:/Users/l/Documents/event-management-system/backend/src/main/java/com/eventeanagementsystem/event_management_system/notification/AiEmailComposer.java:[54,37] ';' expected
[ERROR] /C:/Users/l/Documents/event-management-system/backend/src/main/java/com/eventeanagementsystem/event_management_system/notification/AiEmailComposer.java:[54,55] ';' expected
[ERROR] /C:/Users/l/Documents/event-management-system/backend/src/main/java/com/eventeanagementsystem/event_management_system/notification/AiEmailComposer.java:[54,61] ';' expected
[ERROR] /C:/Users/l/Documents/event-management-system/backend/src/main/java/com/eventeanagementsystem/event_management_system/notification/AiEmailComposer.java:[54,62] not a statement
[ERROR] /C:/Users/l/Documents/event-management-system/backend/src/main/java/com/eventeanagementsystem/event_management_system/notification/AiEmailComposer.java:[54,66] ';' expected
[ERROR] /C:/Users/l/Documents/event-management-system/backend/src/main/java/com/eventeanagementsystem/event_management_system/notification/AiEmailComposer.java:[54,85] ';' expected
[ERROR] /C:/Users/l/Documents/event-management-system/backend/src/main/java/com/eventeanagementsystem/event_management_system/notification/AiEmailComposer.java:[55,19] unclosed string literal
[ERROR] /C:/Users/l/Documents/event-management-system/backend/src/main/java/com/eventeanagementsystem/event_management_system/notification/AiEmailComposer.java:[56,41] ';' expected
[ERROR] /C:/Users/l/Documents/event-management-system/backend/src/main/java/com/eventeanagementsystem/event_management_system/notification/AiEmailComposer.java:[57,38] ';' expected
[ERROR] /C:/Users/l/Documents/event-management-system/backend/src/main/java/com/eventeanagementsystem/event_management_system/notification/AiEmailComposer.java:[58,17] not a statement
[ERROR] /C:/Users/l/Documents/event-management-system/backend/src/main/java/com/eventeanagementsystem/event_management_system/notification/AiEmailComposer.java:[58,26] ';' expected
[ERROR] /C:/Users/l/Documents/event-management-system/backend/src/main/java/com/eventeanagementsystem/event_management_system/notification/AiEmailComposer.java:[67,18] unclosed string literal
[ERROR] /C:/Users/l/Documents/event-management-system/backend/src/main/java/com/eventeanagementsystem/event_management_system/notification/AiEmailComposer.java:[68,24] ';' expected
[ERROR] /C:/Users/l/Documents/event-management-system/backend/src/main/java/com/eventeanagementsystem/event_management_system/notification/AiEmailComposer.java:[68,37] ';' expected
[ERROR] /C:/Users/l/Documents/event-management-system/backend/src/main/java/com/eventeanagementsystem/event_management_system/notification/AiEmailComposer.java:[68,49] ';' expected
[ERROR] /C:/Users/l/Documents/event-management-system/backend/src/main/java/com/eventeanagementsystem/event_management_system/notification/AiEmailComposer.java:[68,50] not a statement
[ERROR] /C:/Users/l/Documents/event-management-system/backend/src/main/java/com/eventeanagementsystem/event_management_system/notification/AiEmailComposer.java:[68,58] ';' expected
[ERROR] /C:/Users/l/Documents/event-management-system/backend/src/main/java/com/eventeanagementsystem/event_management_system/notification/AiEmailComposer.java:[68,74] ';' expected
[ERROR] /C:/Users/l/Documents/event-management-system/backend/src/main/java/com/eventeanagementsystem/event_management_system/notification/AiEmailComposer.java:[70,23] not a statement
[ERROR] /C:/Users/l/Documents/event-management-system/backend/src/main/java/com/eventeanagementsystem/event_management_system/notification/AiEmailComposer.java:[70,28] ';' expected
[ERROR] /C:/Users/l/Documents/event-management-system/backend/src/main/java/com/eventeanagementsystem/event_management_system/notification/AiEmailComposer.java:[70,37] ';' expected
[ERROR] /C:/Users/l/Documents/event-management-system/backend/src/main/java/com/eventeanagementsystem/event_management_system/notification/AiEmailComposer.java:[70,48] ';' expected
[ERROR] /C:/Users/l/Documents/event-management-system/backend/src/main/java/com/eventeanagementsystem/event_management_system/notification/AiEmailComposer.java:[70,53] ';' expected
[ERROR] /C:/Users/l/Documents/event-management-system/backend/src/main/java/com/eventeanagementsystem/event_management_system/notification/AiEmailComposer.java:[70,68] ';' expected
[ERROR] /C:/Users/l/Documents/event-management-system/backend/src/main/java/com/eventeanagementsystem/event_management_system/notification/AiEmailComposer.java:[70,78] ';' expected
[ERROR] /C:/Users/l/Documents/event-management-system/backend/src/main/java/com/eventeanagementsystem/event_management_system/notification/AiEmailComposer.java:[70,92] ';' expected
[ERROR] /C:/Users/l/Documents/event-management-system/backend/src/main/java/com/eventeanagementsystem/event_management_system/notification/AiEmailComposer.java:[70,93] not a statement
[ERROR] /C:/Users/l/Documents/event-management-system/backend/src/main/java/com/eventeanagementsystem/event_management_system/notification/AiEmailComposer.java:[70,100] ';' expected
[ERROR] /C:/Users/l/Documents/event-management-system/backend/src/main/java/com/eventeanagementsystem/event_management_system/notification/AiEmailComposer.java:[70,104] '(' expected
[ERROR] /C:/Users/l/Documents/event-management-system/backend/src/main/java/com/eventeanagementsystem/event_management_system/notification/AiEmailComposer.java:[70,113] ';' expected
[ERROR] /C:/Users/l/Documents/event-management-system/backend/src/main/java/com/eventeanagementsystem/event_management_system/notification/AiEmailComposer.java:[70,117] ';' expected
[ERROR] /C:/Users/l/Documents/event-management-system/backend/src/main/java/com/eventeanagementsystem/event_management_system/notification/AiEmailComposer.java:[70,118] not a statement
[ERROR] /C:/Users/l/Documents/event-management-system/backend/src/main/java/com/eventeanagementsystem/event_management_system/notification/AiEmailComposer.java:[70,122] ')' expected
[ERROR] /C:/Users/l/Documents/event-management-system/backend/src/main/java/com/eventeanagementsystem/event_management_system/notification/AiEmailComposer.java:[70,131] not a statement
[ERROR] /C:/Users/l/Documents/event-management-system/backend/src/main/java/com/eventeanagementsystem/event_management_system/notification/AiEmailComposer.java:[72,24] ';' expected
[ERROR] /C:/Users/l/Documents/event-management-system/backend/src/main/java/com/eventeanagementsystem/event_management_system/notification/AiEmailComposer.java:[73,33] ';' expected
[ERROR] /C:/Users/l/Documents/event-management-system/backend/src/main/java/com/eventeanagementsystem/event_management_system/notification/AiEmailComposer.java:[74,17] not a statement
[ERROR] /C:/Users/l/Documents/event-management-system/backend/src/main/java/com/eventeanagementsystem/event_management_system/notification/AiEmailComposer.java:[74,24] ';' expected
[ERROR] /C:/Users/l/Documents/event-management-system/backend/src/main/java/com/eventeanagementsystem/event_management_system/notification/AiEmailComposer.java:[74,31] illegal start of expression
[ERROR] /C:/Users/l/Documents/event-management-system/backend/src/main/java/com/eventeanagementsystem/event_management_system/notification/AiEmailComposer.java:[75,17] not a statement
[ERROR] /C:/Users/l/Documents/event-management-system/backend/src/main/java/com/eventeanagementsystem/event_management_system/notification/AiEmailComposer.java:[75,24] ';' expected
[ERROR] /C:/Users/l/Documents/event-management-system/backend/src/main/java/com/eventeanagementsystem/event_management_system/notification/AiEmailComposer.java:[75,29] not a statement
[ERROR] /C:/Users/l/Documents/event-management-system/backend/src/main/java/com/eventeanagementsystem/event_management_system/notification/AiEmailComposer.java:[75,34] ';' expected
[ERROR] /C:/Users/l/Documents/event-management-system/backend/src/main/java/com/eventeanagementsystem/event_management_system/notification/AiEmailComposer.java:[76,17] not a statement
[ERROR] /C:/Users/l/Documents/event-management-system/backend/src/main/java/com/eventeanagementsystem/event_management_system/notification/AiEmailComposer.java:[76,21] ';' expected
[ERROR] /C:/Users/l/Documents/event-management-system/backend/src/main/java/com/eventeanagementsystem/event_management_system/notification/AiEmailComposer.java:[76,22] not a statement
[ERROR] /C:/Users/l/Documents/event-management-system/backend/src/main/java/com/eventeanagementsystem/event_management_system/notification/AiEmailComposer.java:[76,28] ';' expected
[ERROR] /C:/Users/l/Documents/event-management-system/backend/src/main/java/com/eventeanagementsystem/event_management_system/notification/AiEmailComposer.java:[76,30] not a statement
[ERROR] /C:/Users/l/Documents/event-management-system/backend/src/main/java/com/eventeanagementsystem/event_management_system/notification/AiEmailComposer.java:[76,40] ';' expected
[ERROR] /C:/Users/l/Documents/event-management-system/backend/src/main/java/com/eventeanagementsystem/event_management_system/notification/AiEmailComposer.java:[76,42] not a statement
[ERROR] /C:/Users/l/Documents/event-management-system/backend/src/main/java/com/eventeanagementsystem/event_management_system/notification/AiEmailComposer.java:[76,45] ';' expected
[ERROR] /C:/Users/l/Documents/event-management-system/backend/src/main/java/com/eventeanagementsystem/event_management_system/notification/AiEmailComposer.java:[76,46] not a statement
[ERROR] /C:/Users/l/Documents/event-management-system/backend/src/main/java/com/eventeanagementsystem/event_management_system/notification/AiEmailComposer.java:[76,51] ';' expected
[ERROR] /C:/Users/l/Documents/event-management-system/backend/src/main/java/com/eventeanagementsystem/event_management_system/notification/AiEmailComposer.java:[76,54] illegal character: '\u2013'
[ERROR] /C:/Users/l/Documents/event-management-system/backend/src/main/java/com/eventeanagementsystem/event_management_system/notification/AiEmailComposer.java:[76,57] not a statement
[ERROR] /C:/Users/l/Documents/event-management-system/backend/src/main/java/com/eventeanagementsystem/event_management_system/notification/AiEmailComposer.java:[76,66] ';' expected
[ERROR] /C:/Users/l/Documents/event-management-system/backend/src/main/java/com/eventeanagementsystem/event_management_system/notification/AiEmailComposer.java:[77,37] ';' expected
[ERROR] /C:/Users/l/Documents/event-management-system/backend/src/main/java/com/eventeanagementsystem/event_management_system/notification/AiEmailComposer.java:[77,47] ';' expected
[INFO] 100 errors 
[INFO] -------------------------------------------------------------
[INFO] ------------------------------------------------------------------------
[INFO] BUILD FAILURE
[INFO] ------------------------------------------------------------------------
[INFO] Total time:  1.698 s
[INFO] Finished at: 2025-11-24T18:53:01+02:00
[INFO] ------------------------------------------------------------------------
[ERROR] Failed to execute goal org.apache.maven.plugins:maven-compiler-plugin:3.13.0:compile (default-compile) on project event-management-system: Compilation failure: Compilation failure: 
[ERROR] /C:/Users/l/Documents/event-management-system/backend/src/main/java/com/eventeanagementsystem/event_management_system/notification/AiEmailComposer.java:[43,18] unclosed string literal
[ERROR] /C:/Users/l/Documents/event-management-system/backend/src/main/java/com/eventeanagementsystem/event_management_system/notification/AiEmailComposer.java:[44,24] ';' expected
[ERROR] /C:/Users/l/Documents/event-management-system/backend/src/main/java/com/eventeanagementsystem/event_management_system/notification/AiEmailComposer.java:[44,37] ';' expected
[ERROR] /C:/Users/l/Documents/event-management-system/backend/src/main/java/com/eventeanagementsystem/event_management_system/notification/AiEmailComposer.java:[44,49] ';' expected
[ERROR] /C:/Users/l/Documents/event-management-system/backend/src/main/java/com/eventeanagementsystem/event_management_system/notification/AiEmailComposer.java:[44,50] not a statement
[ERROR] /C:/Users/l/Documents/event-management-system/backend/src/main/java/com/eventeanagementsystem/event_management_system/notification/AiEmailComposer.java:[44,58] ';' expected
[ERROR] /C:/Users/l/Documents/event-management-system/backend/src/main/java/com/eventeanagementsystem/event_management_system/notification/AiEmailComposer.java:[44,74] ';' expected
[ERROR] /C:/Users/l/Documents/event-management-system/backend/src/main/java/com/eventeanagementsystem/event_management_system/notification/AiEmailComposer.java:[46,23] not a statement
[ERROR] /C:/Users/l/Documents/event-management-system/backend/src/main/java/com/eventeanagementsystem/event_management_system/notification/AiEmailComposer.java:[46,28] ';' expected
[ERROR] /C:/Users/l/Documents/event-management-system/backend/src/main/java/com/eventeanagementsystem/event_management_system/notification/AiEmailComposer.java:[46,37] ';' expected
[ERROR] /C:/Users/l/Documents/event-management-system/backend/src/main/java/com/eventeanagementsystem/event_management_system/notification/AiEmailComposer.java:[46,48] ';' expected
[ERROR] /C:/Users/l/Documents/event-management-system/backend/src/main/java/com/eventeanagementsystem/event_management_system/notification/AiEmailComposer.java:[46,53] ';' expected
[ERROR] /C:/Users/l/Documents/event-management-system/backend/src/main/java/com/eventeanagementsystem/event_management_system/notification/AiEmailComposer.java:[46,69] ';' expected
[ERROR] /C:/Users/l/Documents/event-management-system/backend/src/main/java/com/eventeanagementsystem/event_management_system/notification/AiEmailComposer.java:[46,80] ';' expected
[ERROR] /C:/Users/l/Documents/event-management-system/backend/src/main/java/com/eventeanagementsystem/event_management_system/notification/AiEmailComposer.java:[46,96] ';' expected
[ERROR] /C:/Users/l/Documents/event-management-system/backend/src/main/java/com/eventeanagementsystem/event_management_system/notification/AiEmailComposer.java:[46,100] '(' expected
[ERROR] /C:/Users/l/Documents/event-management-system/backend/src/main/java/com/eventeanagementsystem/event_management_system/notification/AiEmailComposer.java:[46,109] ';' expected
[ERROR] /C:/Users/l/Documents/event-management-system/backend/src/main/java/com/eventeanagementsystem/event_management_system/notification/AiEmailComposer.java:[46,113] ';' expected
[ERROR] /C:/Users/l/Documents/event-management-system/backend/src/main/java/com/eventeanagementsystem/event_management_system/notification/AiEmailComposer.java:[46,114] not a statement
[ERROR] /C:/Users/l/Documents/event-management-system/backend/src/main/java/com/eventeanagementsystem/event_management_system/notification/AiEmailComposer.java:[46,118] ')' expected
[ERROR] /C:/Users/l/Documents/event-management-system/backend/src/main/java/com/eventeanagementsystem/event_management_system/notification/AiEmailComposer.java:[46,127] not a statement
[ERROR] /C:/Users/l/Documents/event-management-system/backend/src/main/java/com/eventeanagementsystem/event_management_system/notification/AiEmailComposer.java:[48,24] ';' expected
[ERROR] /C:/Users/l/Documents/event-management-system/backend/src/main/java/com/eventeanagementsystem/event_management_system/notification/AiEmailComposer.java:[49,33] ';' expected
[ERROR] /C:/Users/l/Documents/event-management-system/backend/src/main/java/com/eventeanagementsystem/event_management_system/notification/AiEmailComposer.java:[50,17] not a statement
[ERROR] /C:/Users/l/Documents/event-management-system/backend/src/main/java/com/eventeanagementsystem/event_management_system/notification/AiEmailComposer.java:[50,24] ';' expected
[ERROR] /C:/Users/l/Documents/event-management-system/backend/src/main/java/com/eventeanagementsystem/event_management_system/notification/AiEmailComposer.java:[50,31] illegal start of expression
[ERROR] /C:/Users/l/Documents/event-management-system/backend/src/main/java/com/eventeanagementsystem/event_management_system/notification/AiEmailComposer.java:[51,17] not a statement
[ERROR] /C:/Users/l/Documents/event-management-system/backend/src/main/java/com/eventeanagementsystem/event_management_system/notification/AiEmailComposer.java:[51,24] ';' expected
[ERROR] /C:/Users/l/Documents/event-management-system/backend/src/main/java/com/eventeanagementsystem/event_management_system/notification/AiEmailComposer.java:[51,29] not a statement
[ERROR] /C:/Users/l/Documents/event-management-system/backend/src/main/java/com/eventeanagementsystem/event_management_system/notification/AiEmailComposer.java:[51,34] ';' expected
[ERROR] /C:/Users/l/Documents/event-management-system/backend/src/main/java/com/eventeanagementsystem/event_management_system/notification/AiEmailComposer.java:[52,17] not a statement
[ERROR] /C:/Users/l/Documents/event-management-system/backend/src/main/java/com/eventeanagementsystem/event_management_system/notification/AiEmailComposer.java:[52,23] ';' expected
[ERROR] /C:/Users/l/Documents/event-management-system/backend/src/main/java/com/eventeanagementsystem/event_management_system/notification/AiEmailComposer.java:[52,24] not a statement
[ERROR] /C:/Users/l/Documents/event-management-system/backend/src/main/java/com/eventeanagementsystem/event_management_system/notification/AiEmailComposer.java:[52,26] ';' expected
[ERROR] /C:/Users/l/Documents/event-management-system/backend/src/main/java/com/eventeanagementsystem/event_management_system/notification/AiEmailComposer.java:[52,27] not a statement
[ERROR] /C:/Users/l/Documents/event-management-system/backend/src/main/java/com/eventeanagementsystem/event_management_system/notification/AiEmailComposer.java:[52,32] ';' expected
[ERROR] /C:/Users/l/Documents/event-management-system/backend/src/main/java/com/eventeanagementsystem/event_management_system/notification/AiEmailComposer.java:[52,35] illegal character: '\u2013'
[ERROR] /C:/Users/l/Documents/event-management-system/backend/src/main/java/com/eventeanagementsystem/event_management_system/notification/AiEmailComposer.java:[52,51] ';' expected
[ERROR] /C:/Users/l/Documents/event-management-system/backend/src/main/java/com/eventeanagementsystem/event_management_system/notification/AiEmailComposer.java:[53,24] ';' expected
[ERROR] /C:/Users/l/Documents/event-management-system/backend/src/main/java/com/eventeanagementsystem/event_management_system/notification/AiEmailComposer.java:[53,37] ';' expected
[ERROR] /C:/Users/l/Documents/event-management-system/backend/src/main/java/com/eventeanagementsystem/event_management_system/notification/AiEmailComposer.java:[53,55] ';' expected
[ERROR] /C:/Users/l/Documents/event-management-system/backend/src/main/java/com/eventeanagementsystem/event_management_system/notification/AiEmailComposer.java:[54,25] ';' expected
[ERROR] /C:/Users/l/Documents/event-management-system/backend/src/main/java/com/eventeanagementsystem/event_management_system/notification/AiEmailComposer.java:[54,37] ';' expected
[ERROR] /C:/Users/l/Documents/event-management-system/backend/src/main/java/com/eventeanagementsystem/event_management_system/notification/AiEmailComposer.java:[54,55] ';' expected
[ERROR] /C:/Users/l/Documents/event-management-system/backend/src/main/java/com/eventeanagementsystem/event_management_system/notification/AiEmailComposer.java:[54,61] ';' expected
[ERROR] /C:/Users/l/Documents/event-management-system/backend/src/main/java/com/eventeanagementsystem/event_management_system/notification/AiEmailComposer.java:[54,62] not a statement
[ERROR] /C:/Users/l/Documents/event-management-system/backend/src/main/java/com/eventeanagementsystem/event_management_system/notification/AiEmailComposer.java:[54,66] ';' expected
[ERROR] /C:/Users/l/Documents/event-management-system/backend/src/main/java/com/eventeanagementsystem/event_management_system/notification/AiEmailComposer.java:[54,85] ';' expected
[ERROR] /C:/Users/l/Documents/event-management-system/backend/src/main/java/com/eventeanagementsystem/event_management_system/notification/AiEmailComposer.java:[55,19] unclosed string literal
[ERROR] /C:/Users/l/Documents/event-management-system/backend/src/main/java/com/eventeanagementsystem/event_management_system/notification/AiEmailComposer.java:[56,41] ';' expected
[ERROR] /C:/Users/l/Documents/event-management-system/backend/src/main/java/com/eventeanagementsystem/event_management_system/notification/AiEmailComposer.java:[57,38] ';' expected
[ERROR] /C:/Users/l/Documents/event-management-system/backend/src/main/java/com/eventeanagementsystem/event_management_system/notification/AiEmailComposer.java:[58,17] not a statement
[ERROR] /C:/Users/l/Documents/event-management-system/backend/src/main/java/com/eventeanagementsystem/event_management_system/notification/AiEmailComposer.java:[58,26] ';' expected
[ERROR] /C:/Users/l/Documents/event-management-system/backend/src/main/java/com/eventeanagementsystem/event_management_system/notification/AiEmailComposer.java:[67,18] unclosed string literal
[ERROR] /C:/Users/l/Documents/event-management-system/backend/src/main/java/com/eventeanagementsystem/event_management_system/notification/AiEmailComposer.java:[68,24] ';' expected
[ERROR] /C:/Users/l/Documents/event-management-system/backend/src/main/java/com/eventeanagementsystem/event_management_system/notification/AiEmailComposer.java:[68,37] ';' expected
[ERROR] /C:/Users/l/Documents/event-management-system/backend/src/main/java/com/eventeanagementsystem/event_management_system/notification/AiEmailComposer.java:[68,49] ';' expected
[ERROR] /C:/Users/l/Documents/event-management-system/backend/src/main/java/com/eventeanagementsystem/event_management_system/notification/AiEmailComposer.java:[68,50] not a statement
[ERROR] /C:/Users/l/Documents/event-management-system/backend/src/main/java/com/eventeanagementsystem/event_management_system/notification/AiEmailComposer.java:[68,58] ';' expected
[ERROR] /C:/Users/l/Documents/event-management-system/backend/src/main/java/com/eventeanagementsystem/event_management_system/notification/AiEmailComposer.java:[68,74] ';' expected
[ERROR] /C:/Users/l/Documents/event-management-system/backend/src/main/java/com/eventeanagementsystem/event_management_system/notification/AiEmailComposer.java:[70,23] not a statement
[ERROR] /C:/Users/l/Documents/event-management-system/backend/src/main/java/com/eventeanagementsystem/event_management_system/notification/AiEmailComposer.java:[70,28] ';' expected
[ERROR] /C:/Users/l/Documents/event-management-system/backend/src/main/java/com/eventeanagementsystem/event_management_system/notification/AiEmailComposer.java:[70,37] ';' expected
[ERROR] /C:/Users/l/Documents/event-management-system/backend/src/main/java/com/eventeanagementsystem/event_management_system/notification/AiEmailComposer.java:[70,48] ';' expected
[ERROR] /C:/Users/l/Documents/event-management-system/backend/src/main/java/com/eventeanagementsystem/event_management_system/notification/AiEmailComposer.java:[70,53] ';' expected
[ERROR] /C:/Users/l/Documents/event-management-system/backend/src/main/java/com/eventeanagementsystem/event_management_system/notification/AiEmailComposer.java:[70,68] ';' expected
[ERROR] /C:/Users/l/Documents/event-management-system/backend/src/main/java/com/eventeanagementsystem/event_management_system/notification/AiEmailComposer.java:[70,78] ';' expected
[ERROR] /C:/Users/l/Documents/event-management-system/backend/src/main/java/com/eventeanagementsystem/event_management_system/notification/AiEmailComposer.java:[70,92] ';' expected
[ERROR] /C:/Users/l/Documents/event-management-system/backend/src/main/java/com/eventeanagementsystem/event_management_system/notification/AiEmailComposer.java:[70,93] not a statement
[ERROR] /C:/Users/l/Documents/event-management-system/backend/src/main/java/com/eventeanagementsystem/event_management_system/notification/AiEmailComposer.java:[70,100] ';' expected
[ERROR] /C:/Users/l/Documents/event-management-system/backend/src/main/java/com/eventeanagementsystem/event_management_system/notification/AiEmailComposer.java:[70,104] '(' expected
[ERROR] /C:/Users/l/Documents/event-management-system/backend/src/main/java/com/eventeanagementsystem/event_management_system/notification/AiEmailComposer.java:[70,113] ';' expected
[ERROR] /C:/Users/l/Documents/event-management-system/backend/src/main/java/com/eventeanagementsystem/event_management_system/notification/AiEmailComposer.java:[70,117] ';' expected
[ERROR] /C:/Users/l/Documents/event-management-system/backend/src/main/java/com/eventeanagementsystem/event_management_system/notification/AiEmailComposer.java:[70,118] not a statement
[ERROR] /C:/Users/l/Documents/event-management-system/backend/src/main/java/com/eventeanagementsystem/event_management_system/notification/AiEmailComposer.java:[70,122] ')' expected
[ERROR] /C:/Users/l/Documents/event-management-system/backend/src/main/java/com/eventeanagementsystem/event_management_system/notification/AiEmailComposer.java:[70,131] not a statement
[ERROR] /C:/Users/l/Documents/event-management-system/backend/src/main/java/com/eventeanagementsystem/event_management_system/notification/AiEmailComposer.java:[72,24] ';' expected
[ERROR] /C:/Users/l/Documents/event-management-system/backend/src/main/java/com/eventeanagementsystem/event_management_system/notification/AiEmailComposer.java:[73,33] ';' expected
[ERROR] /C:/Users/l/Documents/event-management-system/backend/src/main/java/com/eventeanagementsystem/event_management_system/notification/AiEmailComposer.java:[74,17] not a statement
[ERROR] /C:/Users/l/Documents/event-management-system/backend/src/main/java/com/eventeanagementsystem/event_management_system/notification/AiEmailComposer.java:[74,24] ';' expected
[ERROR] /C:/Users/l/Documents/event-management-system/backend/src/main/java/com/eventeanagementsystem/event_management_system/notification/AiEmailComposer.java:[74,31] illegal start of expression
[ERROR] /C:/Users/l/Documents/event-management-system/backend/src/main/java/com/eventeanagementsystem/event_management_system/notification/AiEmailComposer.java:[75,17] not a statement
[ERROR] /C:/Users/l/Documents/event-management-system/backend/src/main/java/com/eventeanagementsystem/event_management_system/notification/AiEmailComposer.java:[75,24] ';' expected
[ERROR] /C:/Users/l/Documents/event-management-system/backend/src/main/java/com/eventeanagementsystem/event_management_system/notification/AiEmailComposer.java:[75,29] not a statement
[ERROR] /C:/Users/l/Documents/event-management-system/backend/src/main/java/com/eventeanagementsystem/event_management_system/notification/AiEmailComposer.java:[75,34] ';' expected
[ERROR] /C:/Users/l/Documents/event-management-system/backend/src/main/java/com/eventeanagementsystem/event_management_system/notification/AiEmailComposer.java:[76,17] not a statement
[ERROR] /C:/Users/l/Documents/event-management-system/backend/src/main/java/com/eventeanagementsystem/event_management_system/notification/AiEmailComposer.java:[76,21] ';' expected
[ERROR] /C:/Users/l/Documents/event-management-system/backend/src/main/java/com/eventeanagementsystem/event_management_system/notification/AiEmailComposer.java:[76,22] not a statement
[ERROR] /C:/Users/l/Documents/event-management-system/backend/src/main/java/com/eventeanagementsystem/event_management_system/notification/AiEmailComposer.java:[76,28] ';' expected
[ERROR] /C:/Users/l/Documents/event-management-system/backend/src/main/java/com/eventeanagementsystem/event_management_system/notification/AiEmailComposer.java:[76,30] not a statement
[ERROR] /C:/Users/l/Documents/event-management-system/backend/src/main/java/com/eventeanagementsystem/event_management_system/notification/AiEmailComposer.java:[76,40] ';' expected
[ERROR] /C:/Users/l/Documents/event-management-system/backend/src/main/java/com/eventeanagementsystem/event_management_system/notification/AiEmailComposer.java:[76,42] not a statement
[ERROR] /C:/Users/l/Documents/event-management-system/backend/src/main/java/com/eventeanagementsystem/event_management_system/notification/AiEmailComposer.java:[76,45] ';' expected
[ERROR] /C:/Users/l/Documents/event-management-system/backend/src/main/java/com/eventeanagementsystem/event_management_system/notification/AiEmailComposer.java:[76,46] not a statement
[ERROR] /C:/Users/l/Documents/event-management-system/backend/src/main/java/com/eventeanagementsystem/event_management_system/notification/AiEmailComposer.java:[76,51] ';' expected
[ERROR] /C:/Users/l/Documents/event-management-system/backend/src/main/java/com/eventeanagementsystem/event_management_system/notification/AiEmailComposer.java:[76,54] illegal character: '\u2013'
[ERROR] /C:/Users/l/Documents/event-management-system/backend/src/main/java/com/eventeanagementsystem/event_management_system/notification/AiEmailComposer.java:[76,57] not a statement
[ERROR] /C:/Users/l/Documents/event-management-system/backend/src/main/java/com/eventeanagementsystem/event_management_system/notification/AiEmailComposer.java:[76,66] ';' expected
[ERROR] /C:/Users/l/Documents/event-management-system/backend/src/main/java/com/eventeanagementsystem/event_management_system/notification/AiEmailComposer.java:[77,37] ';' expected
[ERROR] /C:/Users/l/Documents/event-management-system/backend/src/main/java/com/eventeanagementsystem/event_management_system/notification/AiEmailComposer.java:[77,47] ';' expected
[ERROR] -> [Help 1]
[ERROR] 
[ERROR] To see the full stack trace of the errors, re-run Maven with the -e switch.
[ERROR] Re-run Maven using the -X switch to enable full debug logging.
[ERROR] 
[ERROR] For more information about the errors and possible solutions, please read the following articles:
[ERROR] [Help 1] http://cwiki.apache.org/confluence/display/MAVEN/MojoFailureException
